{"time":"2026-07-09T09:53:35.347789665Z","level":"INFO","msg":"waiting for service run to finish","caller":"lease-scavenger","service":"lease-scavenger"}
{"time":"2026-07-09T09:53:50.156801948Z","level":"INFO","msg":"initialized database","db":"sqlite","mode":"memory"}
{"time":"2026-07-09T09:53:50.16671757Z","level":"INFO","msg":"ran database migrations","db":"sqlite","mode":"memory"}
{"time":"2026-07-09T09:53:50.180143826Z","level":"INFO","msg":"starting executor grpc server","svc":"executor","addr":":50053"}
{"time":"2026-07-09T09:53:50.182212368Z","level":"INFO","msg":"starting event stream","backend":"redis"}
{"time":"2026-07-09T09:53:50.182261183Z","level":"INFO","msg":"service starting","caller":"runner","service":"runner"}
{"time":"2026-07-09T09:53:50.182359407Z","level":"INFO","msg":"service starting","caller":"executor","service":"executor"}
{"time":"2026-07-09T09:53:50.182388481Z","level":"INFO","msg":"subscribing to function queue"}
{"time":"2026-07-09T09:53:50.182396324Z","level":"INFO","msg":"Executor started in assignedQueueShard Mode","queue_shard":"default"}
{"time":"2026-07-09T09:53:50.182513461Z","level":"INFO","msg":"service starting","caller":"api","service":"api"}
{"time":"2026-07-09T09:53:50.18253499Z","level":"INFO","msg":"starting server","caller":"api","addr":"0.0.0.0:8288"}
{"time":"2026-07-09T09:53:50.183188965Z","level":"INFO","msg":"service starting","caller":"lease-scavenger","service":"lease-scavenger"}
{"time":"2026-07-09T09:53:50.183093143Z","level":"INFO","msg":"service starting","caller":"connect-gateway","service":"connect-gateway"}
{"time":"2026-07-09T09:53:50.183302947Z","level":"INFO","msg":"starting connect gateway grpc server","caller":"connect-gateway","addr":":50052"}
{"time":"2026-07-09T09:53:50.183404231Z","level":"INFO","msg":"service starting","caller":"devserver","service":"devserver"}
{"time":"2026-07-09T09:53:50.183454677Z","level":"INFO","msg":"autodiscovering locally hosted SDKs"}
{"time":"2026-07-09T09:53:50.187679614Z","level":"INFO","msg":"apps synced, disabling auto-discovery"}
{"time":"2026-07-09T09:53:50.190831579Z","level":"INFO","msg":"subscribing to events","topic":"events"}
{"time":"2026-07-09T10:00:00.198144938Z","level":"INFO","msg":"received event","event":"inngest/scheduled.timer","event_id":"2026-07-09T10:00:00Z","internal_id":"01KX353S7VB3Q8CY4RWZV8TGAG"}
{"time":"2026-07-09T10:00:02.953447188Z","level":"INFO","msg":"received event","event":"inngest/function.finished","event_id":"01KX353VZV8YPB2QRY8N50HYEY","internal_id":"01KX353VZVE9DGB7T3KRWQ1NFY"}
{"time":"2026-07-09T10:04:44.307148008Z","level":"INFO","msg":"waiting for service run to finish","caller":"runner","service":"runner"}
